/home/zhenli/miniconda3/envs/valleyfeverai/lib/python3.10/site-packages/Bio/Application/__init__.py:39: BiopythonDeprecationWarning: The Bio.Application modules and modules relying on it have been deprecated.

Due to the on going maintenance burden of keeping command line application
wrappers up to date, we have decided to deprecate and eventually remove these
modules.

We instead now recommend building your command line and invoking it directly
with the subprocess module.
  warnings.warn(
Measuring local-pocket-alignment control for 81 trajectories
[1/81] CDR1_CANAR|Milbemycin|pocket1|replica_1 ok
[2/81] AFR1|Milbemycin|pocket9|replica_1 ok
[3/81] AFR1|Milbemycin|pocket3|replica_1 ok
[4/81] AFR1|Milbemycin|pocket10|replica_1 ok
[5/81] AFR1|Milbemycin|pocket11|replica_1 ok
[6/81] ATRF_ASPFU|Milbemycin|pocket4|replica_1 ok
[7/81] ATRF_ASPFU|Milbemycin|pocket11|replica_1 ok
[8/81] ATRF_ASPFU|Milbemycin|pocket7|replica_1 ok
[9/81] AFR1|Milbemycin|pocket2|replica_1 ok
[10/81] ATRF_ASPFU|Milbemycin|pocket13|replica_1 ok
[11/81] ATRF_ASPFU|Milbemycin|pocket1|replica_1 ok
[12/81] AFR1|Milbemycin|pocket8|replica_1 ok
[13/81] CDR1_CANAR|Milbemycin|pocket11|replica_1 ok
[14/81] CDR1_CANAR|Milbemycin|pocket2|replica_1 ok
[15/81] CDR1_CANAR|Milbemycin|pocket3|replica_1 ok
[16/81] CDR1_CANAR|Milbemycin|pocket9|replica_1 ok
[17/81] CDR2_CANAL|Milbemycin|pocket1|replica_1 ok
[18/81] CDR2_CANAL|Milbemycin|pocket12|replica_1 ok
[19/81] CDR2_CANAL|Milbemycin|pocket4|replica_1 ok
[20/81] CDR2_CANAL|Milbemycin|pocket13|replica_1 ok
[21/81] CDR2_CANAL|Milbemycin|pocket8|replica_1 ok
[22/81] CDR1_CANAR_auris|Milbemycin|pocket10|replica_1 ok
[23/81] CIMG_00533|Milbemycin|pocket1|replica_1 ok
[24/81] CDR1_CANAR_auris|Milbemycin|pocket14|replica_1 ok
[25/81] CDR1_CANAR_auris|Milbemycin|pocket2|replica_1 ok
[26/81] CDR1_CANAR_auris|Milbemycin|pocket5|replica_1 ok
[27/81] CIMG_00533|Milbemycin|pocket12|replica_1 ok
[28/81] CIMG_00533|Milbemycin|pocket2|replica_1 ok
[29/81] CIMG_00533|Milbemycin|pocket3|replica_1 ok
[30/81] CIMG_00533|Milbemycin|pocket7|replica_1 ok
[31/81] CIMG_00533|Milbemycin|pocket9|replica_1 ok
[32/81] CIMG_00780|Milbemycin|pocket1|replica_1 ok
[33/81] CIMG_00780|Milbemycin|pocket2|replica_1 ok
[34/81] CIMG_00780|Milbemycin|pocket3|replica_1 ok
[35/81] CIMG_00780|Milbemycin|pocket4|replica_1 ok
[36/81] CIMG_00780|Milbemycin|pocket6|replica_1 ok
[37/81] CIMG_00780|Milbemycin|pocket7|replica_1 ok
[38/81] CIMG_00780|Milbemycin|pocket8|replica_1 ok
[39/81] CIMG_00780|Milbemycin|pocket9|replica_1 ok
[40/81] CIMG_06197|Milbemycin|pocket15|replica_1 ok
[41/81] CIMG_01418|Milbemycin|pocket1|replica_1 ok
[42/81] CIMG_01418|Milbemycin|pocket13|replica_1 ok
[43/81] CIMG_06197|Milbemycin|pocket1|replica_1 ok
[44/81] CIMG_01418|Milbemycin|pocket15|replica_1 ok
[45/81] CIMG_01418|Milbemycin|pocket3|replica_1 ok
[46/81] CIMG_06197|Milbemycin|pocket14|replica_1 ok
[47/81] CIMG_01418|Milbemycin|pocket4|replica_1 ok
[48/81] CIMG_06197|Milbemycin|pocket2|replica_1 ok
[49/81] CIMG_06197|Milbemycin|pocket3|replica_1 ok
[50/81] CIMG_06197|Milbemycin|pocket7|replica_1 ok
[51/81] CIMG_06197|Milbemycin|pocket9|replica_1 ok
[52/81] CIMG_09093|Milbemycin|pocket1|replica_1 ok
[53/81] CIMG_09093|Milbemycin|pocket12|replica_1 ok
[54/81] MDR1_CRYNH|Milbemycin|pocket1|replica_1 ok
[55/81] MDR1_TRIRC|Milbemycin|pocket4|replica_1 ok
[56/81] MDR1_TRIRC|Milbemycin|pocket11|replica_1 ok
[57/81] MDR1_CRYNH|Milbemycin|pocket13|replica_1 ok
[58/81] MDR1_TRIRC|Milbemycin|pocket15|replica_1 ok
[59/81] CIMG_09093|Milbemycin|pocket13|replica_1 ok
[60/81] CIMG_09093|Milbemycin|pocket3|replica_1 ok
[61/81] MDR1_TRIRC|Milbemycin|pocket3|replica_1 ok
[62/81] MDR1_TRIRC|Milbemycin|pocket7|replica_1 ok
[63/81] CIMG_09093|Milbemycin|pocket8|replica_1 ok
[64/81] MDR2_TRIRC|Milbemycin|pocket10|replica_1 ok
[65/81] MDR2_TRIRC|Milbemycin|pocket14|replica_1 ok
[66/81] PDH1_CANGA|Milbemycin|pocket13|replica_1 ok
[67/81] MDR2_TRIRC|Milbemycin|pocket15|replica_1 ok
[68/81] MDR2_TRIRC|Milbemycin|pocket3|replica_1 ok
[69/81] MDR2_TRIRC|Milbemycin|pocket9|replica_1 ok
[70/81] MDR1_TRIRC|Milbemycin|pocket8|replica_1 ok
[71/81] PDH1_CANGA|Milbemycin|pocket12|replica_1 ok
[72/81] PDH1_CANGA|Milbemycin|pocket2|replica_1 ok
[73/81] PDH1_CANGA|Milbemycin|pocket7|replica_1 ok
[74/81] PDR5_YEAST|Milbemycin|pocket11|replica_1 ok
[75/81] PDH1_CANGA|Milbemycin|pocket3|replica_1 ok
[76/81] SNQ2_CANGA|Milbemycin|pocket2|replica_1 ok
[77/81] SNQ2_CANGA|Milbemycin|pocket4|replica_1 ok
[78/81] PDR5_YEAST|Milbemycin|pocket15|replica_1 ok
[79/81] SNQ2_CANGA|Milbemycin|pocket5|replica_1 ok
[80/81] PDR5_YEAST|Milbemycin|pocket9|replica_1 ok
[81/81] SNQ2_CANGA|Milbemycin|pocket9|replica_1 ok
Wrote /home/zhenli/git/valleyfevermutation/pipeline/training/outputs/yau_recapture_screen/cad_states/expanded_source_of_truth_frozen_n81/local_pocket_control_measurements.csv
Measured 81/81 trajectories; complete 100 ns: 76 across 16 proteins
